../Core/Src/OLED.c:6:6:OLED_W_SCL	16	static
../Core/Src/OLED.c:18:6:OLED_W_SDA	16	static
../Core/Src/OLED.c:54:6:OLED_I2C_Start	8	static
../Core/Src/OLED.c:67:6:OLED_I2C_Stop	8	static
../Core/Src/OLED.c:79:6:OLED_I2C_SendByte	24	static
../Core/Src/OLED.c:97:6:OLED_WriteCommand	16	static
../Core/Src/OLED.c:111:6:OLED_WriteData	16	static
../Core/Src/OLED.c:126:6:OLED_SetCursor	16	static
../Core/Src/OLED.c:138:6:OLED_Clear	16	static
../Core/Src/OLED.c:158:6:OLED_ShowChar	24	static
../Core/Src/OLED.c:180:6:OLED_ShowString	24	static
../Core/Src/OLED.c:193:10:OLED_Pow	24	static
../Core/Src/OLED.c:211:6:OLED_ShowNum	32	static
../Core/Src/OLED.c:228:6:OLED_ShowSignedNum	32	static
../Core/Src/OLED.c:256:6:OLED_ShowHexNum	24	static
../Core/Src/OLED.c:281:6:OLED_ShowBinNum	32	static
../Core/Src/OLED.c:295:6:OLED_Init	16	static
